---
source: tests/generate/mod.rs
expression: input
input_file: tests/test-result/.tmp1c047y/components/controller.md
---
---
sidebar_position: 1
title: OpenTalk Controller Community Edition
---

# OpenTalk Controller Community Edition version history


---

# controller v0.18.0


(found in OpenTalk [**v25.0.0**](../25.0.0/README.md))

## Changelog

### New Features
---

# controller v0.16.1


(found in OpenTalk [**v24.8.1**](../24.8.1/README.md))

## Changelog

### Bug fixes
---

# controller v0.16.0


(found in OpenTalk [**v24.8.0**](../24.8.0/README.md))

## Changelog

### Docs
