---
source: tests/generate/mod.rs
expression: input
input_file: tests/test-result/.tmpA7XCH5/24.8.1/README.md
---
sidebar_position: 0
title: OpenTalk v24.8.1
---

# OpenTalk v24.8.1

- Release date: **2024-07-30**
- Release series: [**24.8**](../README.md#248)
- Previous release: [**v24.8.0**](../24.8.0/README.md)

## Component versions

| Category | Component | Version |
| -------- | --------- | ------- |
| **Frontend** | [**web-frontend**](../components/web-frontend.md) |[v1.17.2](https://git.opentalk.dev/opentalk/frontend/web/web-app/-/releases/v1.17.2)|
| **Services** | [**controller**](../components/controller.md) |[v0.16.1](https://git.opentalk.dev/opentalk/backend/services/controller/-/releases/v0.16.1)|

---

## web-frontend v1.17.2

### Internal2

## web-frontend v1.17.1

### Internal1
---

## controller v0.16.1

### Bug fixes

---

Generation of this document was supported by [retoki](https://git.opentalk.dev/opentalk/tools/retoki).
