---
source: tests/generate/mod.rs
expression: input
input_file: tests/test-result/.tmpO1Pnty/25.0.0/README.md
---
---
title: OpenTalk v25.0.0
---

# OpenTalk v25.0.0

- Release date: **2025-07-01**
- Release series: [**25.0**](../25.0/README.md)

## Changelog

- Ticket 0 ([ticket#123](https://www.youtube.com/watch?v=dQw4w9WgXcQ&list=RDdQw4w9WgXcQ))
- Ticket 1 ([ticket#124](https://www.youtube.com/watch?v=dQw4w9WgXcQ&list=RDdQw4w9WgXcQ))


## Component versions

| Category | Component | Version |
| -------- | --------- | ------- |
| **Frontend** | [**web-frontend**](../components/web-frontend.md) |[v1.20.0](https://git.opentalk.dev/opentalk/frontend/web/web-app/-/releases/v1.20.0)|

---

## web-frontend v1.20.0

### New Features

---

Generation of this document was supported by [retoki](https://git.opentalk.dev/opentalk/tools/retoki).
