---
source: tests/generate/mod.rs
expression: input
input_file: tests/test-result/.tmp73bmRn/24.8.0/README.md
---
sidebar_position: 1
title: OpenTalk v24.8.0
---

# OpenTalk v24.8.0

- Release date: **2024-07-19**
- Release series: [**24.8**](../README.md#248)
- Next release: [**v24.8.1**](../24.8.1/README.md)

## Release notes

### Noteworthy changes


## Component versions

| Category | Component | Version |
| -------- | --------- | ------- |
| **Frontend** | [**web-frontend**](../components/web-frontend.md) |[v1.17.0](https://git.opentalk.dev/opentalk/frontend/web/web-app/-/releases/v1.17.0)|
| **Services** | [**controller**](../components/controller.md) |[v0.16.0](https://git.opentalk.dev/opentalk/backend/services/controller/-/releases/v0.16.0)|

---

## web-frontend v1.17.0

### Stability Improvements
---

## controller v0.16.0

### Docs

---

Generation of this document was supported by [retoki](https://git.opentalk.dev/opentalk/tools/retoki).
