---
source: tests/generate/mod.rs
expression: input
input_file: tests/test-result/.tmp8pF2sE/25.0/README.md
---
---
title: OpenTalk v25.0
---

# OpenTalk v25.0

Supported until: 2026-01-01

[📚 Documentation](../../25.0/README.md){ .md-button .md-button--primary }

## Releases

- [**v25.0.0** (2025-07-01)](../25.0.0/README.md)

---

Generation of this document was supported by [retoki](https://git.opentalk.dev/opentalk/tools/retoki).
